2026-06-15 13:19:01 | INFO | ============================================================
2026-06-15 13:19:01 | INFO | Запуск сервиса классификации ОКПД2
2026-06-15 13:19:01 | INFO | ============================================================
2026-06-15 13:19:01 | INFO | Загрузка модели Bi-GRU...
2026-06-15 13:19:07 | INFO | ✅ Модель загружена из models:/okpd2_classifier@PRD
2026-06-15 13:19:07 | INFO | Загрузка токенизатора...
2026-06-15 13:19:07 | INFO | ✅ Токенизатор загружен
2026-06-15 13:19:07 | INFO | Загрузка метрик модели...
2026-06-15 13:19:07 | WARNING | Ошибка чтения baseline_comparison.csv: 'Model'
2026-06-15 13:19:07 | INFO | ✅ Метрики загружены: F1-micro=0.8177, F1-macro=0.508
2026-06-15 13:19:07 | INFO | ============================================================
2026-06-15 13:19:07 | INFO | Сервис готов к работе
2026-06-15 13:19:07 | INFO | Swagger UI: http://127.0.0.1:8000/docs
2026-06-15 13:19:07 | INFO | ============================================================
2026-06-15 13:20:33 | INFO | Input: Поставка лекарственных препаратов для медицинского применения. МНН: Амоксициллин.... | Prediction: ['17'] | Confidence: [0.9998986721038818] | Latency: 1.960s
2026-06-15 13:25:50 | INFO | ============================================================
2026-06-15 13:25:50 | INFO | Запуск сервиса классификации ОКПД2
2026-06-15 13:25:50 | INFO | ============================================================
2026-06-15 13:25:50 | INFO | Загрузка модели Bi-GRU...
2026-06-15 13:25:57 | INFO |  Модель загружена из models:/okpd2_classifier@PRD
2026-06-15 13:25:57 | INFO | Загрузка токенизатора...
2026-06-15 13:25:57 | INFO |  Токенизатор загружен
2026-06-15 13:25:57 | INFO | Загрузка метрик модели...
2026-06-15 13:25:57 | WARNING | Ошибка чтения baseline_comparison.csv: 'Model'
2026-06-15 13:25:57 | INFO |  Метрики загружены: F1-micro=0.8177, F1-macro=0.508
2026-06-15 13:25:57 | INFO | ============================================================
2026-06-15 13:25:57 | INFO | Сервис готов к работе
2026-06-15 13:25:57 | INFO | Swagger UI: http://127.0.0.1:8000/docs
2026-06-15 13:25:57 | INFO | ============================================================
2026-06-15 13:26:44 | INFO | Input: Поставка лекарственных препаратов для медицинского применения. МНН: Амоксициллин.... | Prediction: ['17'] | Confidence: [0.9998986721038818] | Latency: 2.396s
